10:15:40 **** Auto Build of configuration Debug for project standalone_bsp_xaxidma_example_simple_poll_1 ****
make all 
'Building file: ../src/xaxidma_example_simple_poll.c'
'Invoking: MicroBlaze gcc compiler'
mb-gcc -Wall -O0 -g3 -c -fmessage-length=0 -MT"src/xaxidma_example_simple_poll.o" -I../../standalone_bsp/microblaze_0/include -mlittle-endian -mxl-barrel-shift -mxl-pattern-compare -mno-xl-soft-div -mcpu=v10.0 -mno-xl-soft-mul -mxl-multiply-high -Wl,--no-relax -MMD -MP -MF"src/xaxidma_example_simple_poll.d" -MT"src/xaxidma_example_simple_poll.o" -o "src/xaxidma_example_simple_poll.o" "../src/xaxidma_example_simple_poll.c"
'Finished building: ../src/xaxidma_example_simple_poll.c'
' '
'Building target: standalone_bsp_xaxidma_example_simple_poll_1.elf'
'Invoking: MicroBlaze gcc linker'
mb-gcc -Wl,-T -Wl,../src/lscript.ld -L../../standalone_bsp/microblaze_0/lib -mlittle-endian -mxl-barrel-shift -mxl-pattern-compare -mno-xl-soft-div -mcpu=v10.0 -mno-xl-soft-mul -mxl-multiply-high -Wl,--no-relax -o "standalone_bsp_xaxidma_example_simple_poll_1.elf"  ./src/xaxidma_example_simple_poll.o   -Wl,--start-group,-lxil,-lgcc,-lc,--end-group
'Finished building target: standalone_bsp_xaxidma_example_simple_poll_1.elf'
' '
'Invoking: MicroBlaze Print Size'
mb-size standalone_bsp_xaxidma_example_simple_poll_1.elf  |tee "standalone_bsp_xaxidma_example_simple_poll_1.elf.size"
   text	   data	    bss	    dec	    hex	filename
  17874	    488	   4982	  23344	   5b30	standalone_bsp_xaxidma_example_simple_poll_1.elf
'Finished building: standalone_bsp_xaxidma_example_simple_poll_1.elf.size'
' '

10:15:41 Build Finished (took 1s.570ms)

