15:37:48 **** Build of configuration Debug for project VC707BaseSystem_bsp_xsysmon_polled_example_1 ****
make all 
'Building file: ../src/xsysmon_polled_example.c'
'Invoking: MicroBlaze gcc compiler'
mb-gcc -Wall -O0 -g3 -c -fmessage-length=0 -MT"src/xsysmon_polled_example.o" -I../../VC707BaseSystem_bsp/microblaze_0/include -mlittle-endian -mxl-barrel-shift -mxl-pattern-compare -mno-xl-soft-div -mcpu=v10.0 -mno-xl-soft-mul -mxl-multiply-high -Wl,--no-relax -MMD -MP -MF"src/xsysmon_polled_example.d" -MT"src/xsysmon_polled_example.o" -o "src/xsysmon_polled_example.o" "../src/xsysmon_polled_example.c"
'Finished building: ../src/xsysmon_polled_example.c'
' '
'Building target: VC707BaseSystem_bsp_xsysmon_polled_example_1.elf'
'Invoking: MicroBlaze gcc linker'
mb-gcc -Wl,-T -Wl,../src/lscript.ld -L../../VC707BaseSystem_bsp/microblaze_0/lib -mlittle-endian -mxl-barrel-shift -mxl-pattern-compare -mno-xl-soft-div -mcpu=v10.0 -mno-xl-soft-mul -mxl-multiply-high -Wl,--no-relax -o "VC707BaseSystem_bsp_xsysmon_polled_example_1.elf"  ./src/xsysmon_polled_example.o   -Wl,--start-group,-lxil,-lgcc,-lc,--end-group
'Finished building target: VC707BaseSystem_bsp_xsysmon_polled_example_1.elf'
' '
'Invoking: MicroBlaze Print Size'
mb-size VC707BaseSystem_bsp_xsysmon_polled_example_1.elf  |tee "VC707BaseSystem_bsp_xsysmon_polled_example_1.elf.size"
   text	   data	    bss	    dec	    hex	filename
  18834	    420	   3274	  22528	   5800	VC707BaseSystem_bsp_xsysmon_polled_example_1.elf
'Finished building: VC707BaseSystem_bsp_xsysmon_polled_example_1.elf.size'
' '

15:37:50 Build Finished (took 1s.829ms)

